src/app/actions/enrollment.ts(100,76): error TS2339: Property 'errors' does not exist on type 'ZodError<unknown>'.
src/app/dashboard/audit-finance/legalize/page.tsx(134,48): error TS2345: Argument of type '(this: undefined, enrollment: EnrollmentRow) => { enrollmentId: string; programId: string; programName: string | null; studentName: string; age: number | null; semester: string | null; }[] | { ...; }[]' is not assignable to parameter of type '(this: undefined, value: EnrollmentRow, index: number, array: EnrollmentRow[]) => { enrollmentId: string; programId: string; programName: string | null; studentName: string; age: number | null; semester: string | null; } | readonly { ...; }[]'.
  Type '{ enrollmentId: string; programId: string; programName: string | null; studentName: string; age: number | null; semester: string | null; }[] | { enrollmentId: string; programId: null; programName: null; studentName: string; age: number | null; semester: string | null; }[]' is not assignable to type '{ enrollmentId: string; programId: string; programName: string | null; studentName: string; age: number | null; semester: string | null; } | readonly { enrollmentId: string; programId: string; programName: string | null; studentName: string; age: number | null; semester: string | null; }[]'.
    Type '{ enrollmentId: string; programId: null; programName: null; studentName: string; age: number | null; semester: string | null; }[]' is not assignable to type '{ enrollmentId: string; programId: string; programName: string | null; studentName: string; age: number | null; semester: string | null; } | readonly { enrollmentId: string; programId: string; programName: string | null; studentName: string; age: number | null; semester: string | null; }[]'.
      Type '{ enrollmentId: string; programId: null; programName: null; studentName: string; age: number | null; semester: string | null; }[]' is not assignable to type 'readonly { enrollmentId: string; programId: string; programName: string | null; studentName: string; age: number | null; semester: string | null; }[]'.
        Type '{ enrollmentId: string; programId: null; programName: null; studentName: string; age: number | null; semester: string | null; }' is not assignable to type '{ enrollmentId: string; programId: string; programName: string | null; studentName: string; age: number | null; semester: string | null; }'.
          Types of property 'programId' are incompatible.
            Type 'null' is not assignable to type 'string'.
src/app/dashboard/audit-finance/legalize/page.tsx(177,32): error TS2322: Type 'unknown[]' is not assignable to type 'LegalizeRow[]'.
  Type 'unknown' is not assignable to type 'LegalizeRow'.
src/modules/audit-finance/components/AuditSyncButton.tsx(43,15): error TS2322: Type '(formData: FormData) => Promise<{ success: boolean; error?: undefined; } | { success: boolean; error: any; }>' is not assignable to type 'string | ((formData: FormData) => void | Promise<void>) | undefined'.
  Type '(formData: FormData) => Promise<{ success: boolean; error?: undefined; } | { success: boolean; error: any; }>' is not assignable to type '(formData: FormData) => void | Promise<void>'.
    Type 'Promise<{ success: boolean; error?: undefined; } | { success: boolean; error: any; }>' is not assignable to type 'void | Promise<void>'.
      Type 'Promise<{ success: boolean; error?: undefined; } | { success: boolean; error: any; }>' is not assignable to type 'Promise<void>'.
        Type '{ success: boolean; error?: undefined; } | { success: boolean; error: any; }' is not assignable to type 'void'.
          Type '{ success: boolean; error?: undefined; }' is not assignable to type 'void'.
